[INFO] Scanning for projects...
[INFO] 
[INFO] ---------------< com.automotive:automotive-diagnostics >----------------
[INFO] Building Automotive Diagnostics 1.0.0
[INFO]   from pom.xml
[INFO] --------------------------------[ jar ]---------------------------------
[INFO] 
[INFO] --- clean:3.3.2:clean (default-clean) @ automotive-diagnostics ---
[INFO] Deleting C:\Users\youco\Desktop\Automotive-Diagnostics\backend\target
[INFO] 
[INFO] --- resources:3.3.1:resources (default-resources) @ automotive-diagnostics ---
[INFO] Copying 1 resource from src\main\resources to target\classes
[INFO] Copying 0 resource from src\main\resources to target\classes
[INFO] 
[INFO] --- compiler:3.11.0:compile (default-compile) @ automotive-diagnostics ---
[INFO] Changes detected - recompiling the module! :source
[INFO] Compiling 49 source files with javac [debug release 17] to target\classes
[WARNING] /C:/Users/youco/Desktop/Automotive-Diagnostics/backend/src/main/java/com/automotive/dto/AuthResponse.java:[14,18] @Builder will ignore the initializing expression entirely. If you want the initializing expression to serve as default, add @Builder.Default. If it is not supposed to be settable during building, make the field final.
[WARNING] /C:/Users/youco/Desktop/Automotive-Diagnostics/backend/src/main/java/com/automotive/model/User.java:[47,21] @Builder will ignore the initializing expression entirely. If you want the initializing expression to serve as default, add @Builder.Default. If it is not supposed to be settable during building, make the field final.
[WARNING] /C:/Users/youco/Desktop/Automotive-Diagnostics/backend/src/main/java/com/automotive/model/Service.java:[43,21] @Builder will ignore the initializing expression entirely. If you want the initializing expression to serve as default, add @Builder.Default. If it is not supposed to be settable during building, make the field final.
[WARNING] /C:/Users/youco/Desktop/Automotive-Diagnostics/backend/src/main/java/com/automotive/model/Vehicule.java:[46,21] @Builder will ignore the initializing expression entirely. If you want the initializing expression to serve as default, add @Builder.Default. If it is not supposed to be settable during building, make the field final.
[INFO] 
[INFO] --- resources:3.3.1:testResources (default-testResources) @ automotive-diagnostics ---
[INFO] skip non existing resourceDirectory C:\Users\youco\Desktop\Automotive-Diagnostics\backend\src\test\resources
[INFO] 
[INFO] --- compiler:3.11.0:testCompile (default-testCompile) @ automotive-diagnostics ---
[INFO] Changes detected - recompiling the module! :dependency
[INFO] Compiling 3 source files with javac [debug release 17] to target\test-classes
[INFO] -------------------------------------------------------------
[ERROR] COMPILATION ERROR : 
[INFO] -------------------------------------------------------------
[ERROR] /C:/Users/youco/Desktop/Automotive-Diagnostics/backend/src/test/java/com/automotive/service/ServiceServiceTest.java:[65,50] cannot find symbol
  symbol:   method getAllActifs()
  location: variable serviceService of type com.automotive.service.ServiceService
[ERROR] /C:/Users/youco/Desktop/Automotive-Diagnostics/backend/src/test/java/com/automotive/service/UserServiceTest.java:[63,21] method generateToken in class com.automotive.security.JwtUtil cannot be applied to given types;
  required: java.lang.String,java.lang.String
  found:    java.lang.Object
  reason: actual and formal argument lists differ in length
[ERROR] /C:/Users/youco/Desktop/Automotive-Diagnostics/backend/src/test/java/com/automotive/service/UserServiceTest.java:[69,50] cannot find symbol
  symbol:   method getUser()
  location: variable response of type com.automotive.dto.AuthResponse
[INFO] 3 errors 
[INFO] -------------------------------------------------------------
[INFO] ------------------------------------------------------------------------
[INFO] BUILD FAILURE
[INFO] ------------------------------------------------------------------------
[INFO] Total time:  10.572 s
[INFO] Finished at: 2026-04-01T09:33:27+01:00
[INFO] ------------------------------------------------------------------------
[ERROR] Failed to execute goal org.apache.maven.plugins:maven-compiler-plugin:3.11.0:testCompile (default-testCompile) on project automotive-diagnostics: Compilation failure: Compilation failure: 
[ERROR] /C:/Users/youco/Desktop/Automotive-Diagnostics/backend/src/test/java/com/automotive/service/ServiceServiceTest.java:[65,50] cannot find symbol
[ERROR]   symbol:   method getAllActifs()
[ERROR]   location: variable serviceService of type com.automotive.service.ServiceService
[ERROR] /C:/Users/youco/Desktop/Automotive-Diagnostics/backend/src/test/java/com/automotive/service/UserServiceTest.java:[63,21] method generateToken in class com.automotive.security.JwtUtil cannot be applied to given types;
[ERROR]   required: java.lang.String,java.lang.String
[ERROR]   found:    java.lang.Object
[ERROR]   reason: actual and formal argument lists differ in length
[ERROR] /C:/Users/youco/Desktop/Automotive-Diagnostics/backend/src/test/java/com/automotive/service/UserServiceTest.java:[69,50] cannot find symbol
[ERROR]   symbol:   method getUser()
[ERROR]   location: variable response of type com.automotive.dto.AuthResponse
[ERROR] -> [Help 1]
[ERROR] 
[ERROR] To see the full stack trace of the errors, re-run Maven with the -e switch.
[ERROR] Re-run Maven using the -X switch to enable full debug logging.
[ERROR] 
[ERROR] For more information about the errors and possible solutions, please read the following articles:
[ERROR] [Help 1] http://cwiki.apache.org/confluence/display/MAVEN/MojoFailureException
